Copyright 1986-2022 Xilinx, Inc. All Rights Reserved. Copyright 2022-2026 Advanced Micro Devices, Inc. All Rights Reserved.
---------------------------------------------------------------------------------------------------------------------------------------------------------------------------------------------------------------------
| Tool Version : Vivado v.2026.1 (lin64) Build 6511674 Tue Jun 16 11:01:26 MDT 2026
| Date         : Thu Sep 10 15:02:54 2026
| Host         : PatsLaptop running 64-bit Ubuntu 24.04.4 LTS
| Command      : report_timing_summary -max_paths 10 -routable_nets -report_unconstrained -file Top_timing_summary_routed.rpt -pb Top_timing_summary_routed.pb -rpx Top_timing_summary_routed.rpx -warn_on_violation
| Design       : Top
| Device       : 7a100t-csg324
| Speed File   : -1  PRODUCTION 1.23 2018-06-13
| Design State : Routed
---------------------------------------------------------------------------------------------------------------------------------------------------------------------------------------------------------------------

Timing Summary Report

------------------------------------------------------------------------------------------------
| Timer Settings
| --------------
------------------------------------------------------------------------------------------------

  Enable Multi Corner Analysis               :  Yes
  Enable Pessimism Removal                   :  Yes
  Pessimism Removal Resolution               :  Nearest Common Node
  Enable Input Delay Default Clock           :  No
  Enable Preset / Clear Arcs                 :  No
  Disable Flight Delays                      :  No
  Ignore I/O Paths                           :  No
  Timing Early Launch at Borrowing Latches   :  No
  Borrow Time for Max Delay Exceptions       :  Yes
  Merge Timing Exceptions                    :  Yes
  Inter-SLR Compensation                     :  Conservative

  Corner  Analyze    Analyze    
  Name    Max Paths  Min Paths  
  ------  ---------  ---------  
  Slow    Yes        Yes        
  Fast    Yes        Yes        


------------------------------------------------------------------------------------------------
| Report Methodology
| ------------------
------------------------------------------------------------------------------------------------

No report available as report_methodology has not been run prior. Run report_methodology on the current design for the summary of methodology violations.



check_timing report

Table of Contents
-----------------
1. checking no_clock (0)
2. checking constant_clock (0)
3. checking pulse_width_clock (0)
4. checking unconstrained_internal_endpoints (0)
5. checking no_input_delay (0)
6. checking no_output_delay (0)
7. checking multiple_clock (0)
8. checking generated_clocks (0)
9. checking loops (0)
10. checking partial_input_delay (0)
11. checking partial_output_delay (0)
12. checking latch_loops (0)

1. checking no_clock (0)
------------------------
 There are 0 register/latch pins with no clock.


2. checking constant_clock (0)
------------------------------
 There are 0 register/latch pins with constant_clock.


3. checking pulse_width_clock (0)
---------------------------------
 There are 0 register/latch pins which need pulse_width check


4. checking unconstrained_internal_endpoints (0)
------------------------------------------------
 There are 0 pins that are not constrained for maximum delay.

 There are 0 pins that are not constrained for maximum delay due to constant clock.


5. checking no_input_delay (0)
------------------------------
 There are 0 input ports with no input delay specified.

 There are 0 input ports with no input delay but user has a false path constraint.


6. checking no_output_delay (0)
-------------------------------
 There are 0 ports with no output delay specified.

 There are 0 ports with no output delay but user has a false path constraint

 There are 0 ports with no output delay but with a timing clock defined on it or propagating through it


7. checking multiple_clock (0)
------------------------------
 There are 0 register/latch pins with multiple clocks.


8. checking generated_clocks (0)
--------------------------------
 There are 0 generated clocks that are not connected to a clock source.


9. checking loops (0)
---------------------
 There are 0 combinational loops in the design.


10. checking partial_input_delay (0)
------------------------------------
 There are 0 input ports with partial input delay specified.


11. checking partial_output_delay (0)
-------------------------------------
 There are 0 ports with partial output delay specified.


12. checking latch_loops (0)
----------------------------
 There are 0 combinational latch loops in the design through latch input



------------------------------------------------------------------------------------------------
| Design Timing Summary
| ---------------------
------------------------------------------------------------------------------------------------

    WNS(ns)      TNS(ns)  TNS Failing Endpoints  TNS Total Endpoints      WHS(ns)      THS(ns)  THS Failing Endpoints  THS Total Endpoints     WPWS(ns)     TPWS(ns)  TPWS Failing Endpoints  TPWS Total Endpoints  
    -------      -------  ---------------------  -------------------      -------      -------  ---------------------  -------------------     --------     --------  ----------------------  --------------------  
        inf        0.000                      0                   10          inf        0.000                      0                   10           NA           NA                      NA                    NA  


There are no user specified timing constraints.


------------------------------------------------------------------------------------------------
| Clock Summary
| -------------
------------------------------------------------------------------------------------------------


------------------------------------------------------------------------------------------------
| Intra Clock Table
| -----------------
------------------------------------------------------------------------------------------------

Clock             WNS(ns)      TNS(ns)  TNS Failing Endpoints  TNS Total Endpoints      WHS(ns)      THS(ns)  THS Failing Endpoints  THS Total Endpoints     WPWS(ns)     TPWS(ns)  TPWS Failing Endpoints  TPWS Total Endpoints  
-----             -------      -------  ---------------------  -------------------      -------      -------  ---------------------  -------------------     --------     --------  ----------------------  --------------------  


------------------------------------------------------------------------------------------------
| Inter Clock Table
| -----------------
------------------------------------------------------------------------------------------------

From Clock    To Clock          WNS(ns)      TNS(ns)  TNS Failing Endpoints  TNS Total Endpoints      WHS(ns)      THS(ns)  THS Failing Endpoints  THS Total Endpoints  
----------    --------          -------      -------  ---------------------  -------------------      -------      -------  ---------------------  -------------------  


------------------------------------------------------------------------------------------------
| Other Path Groups Table
| -----------------------
------------------------------------------------------------------------------------------------

Path Group    From Clock    To Clock          WNS(ns)      TNS(ns)  TNS Failing Endpoints  TNS Total Endpoints      WHS(ns)      THS(ns)  THS Failing Endpoints  THS Total Endpoints  
----------    ----------    --------          -------      -------  ---------------------  -------------------      -------      -------  ---------------------  -------------------  


------------------------------------------------------------------------------------------------
| User Ignored Path Table
| -----------------------
------------------------------------------------------------------------------------------------

Path Group    From Clock    To Clock    
----------    ----------    --------    


------------------------------------------------------------------------------------------------
| Unconstrained Path Table
| ------------------------
------------------------------------------------------------------------------------------------

Path Group    From Clock    To Clock    
----------    ----------    --------    
(none)                                    


------------------------------------------------------------------------------------------------
| Timing Details
| --------------
------------------------------------------------------------------------------------------------


--------------------------------------------------------------------------------------
Path Group:  (none)
From Clock:  
  To Clock:  

Max Delay            10 Endpoints
Min Delay            10 Endpoints
--------------------------------------------------------------------------------------


Max Delay Paths
--------------------------------------------------------------------------------------
Slack:                    inf
  Source:                 X[0]
                            (input port)
  Destination:            result[5]
                            (output port)
  Path Group:             (none)
  Path Type:              Max at Slow Process Corner
  Data Path Delay:        11.483ns  (logic 5.401ns (47.037%)  route 6.082ns (52.963%))
  Logic Levels:           5  (IBUF=1 LUT2=1 LUT3=1 LUT6=1 OBUF=1)

    Location             Delay type                Incr(ns)  Path(ns)    Netlist Resource(s)
  -------------------------------------------------------------------    -------------------
    J15                                               0.000     0.000 r  X[0]
                         net (fo=0)                   0.000     0.000    X[0]
    J15                  IBUF (Prop_ibuf_I_O)         1.478     1.478 r  X_IBUF[0]_inst/O
                         net (fo=10, routed)          2.252     3.730    X_IBUF[0]
    SLICE_X1Y79          LUT2 (Prop_lut2_I0_O)        0.124     3.854 r  result_OBUF[7]_inst_i_11/O
                         net (fo=1, routed)           0.797     4.651    mult/mq3[0]
    SLICE_X1Y78          LUT6 (Prop_lut6_I4_O)        0.124     4.775 r  result_OBUF[7]_inst_i_2/O
                         net (fo=3, routed)           0.881     5.657    mult/rc2_1
    SLICE_X0Y78          LUT3 (Prop_lut3_I0_O)        0.124     5.781 r  result_OBUF[5]_inst_i_1/O
                         net (fo=1, routed)           2.151     7.932    result_OBUF[5]
    V17                  OBUF (Prop_obuf_I_O)         3.552    11.483 r  result_OBUF[5]_inst/O
                         net (fo=0)                   0.000    11.483    result[5]
    V17                                                               r  result[5]
  -------------------------------------------------------------------    -------------------

Slack:                    inf
  Source:                 Y[1]
                            (input port)
  Destination:            result[4]
                            (output port)
  Path Group:             (none)
  Path Type:              Max at Slow Process Corner
  Data Path Delay:        11.389ns  (logic 5.657ns (49.672%)  route 5.732ns (50.328%))
  Logic Levels:           5  (IBUF=1 LUT3=1 LUT6=2 OBUF=1)

    Location             Delay type                Incr(ns)  Path(ns)    Netlist Resource(s)
  -------------------------------------------------------------------    -------------------
    T18                                               0.000     0.000 r  Y[1]
                         net (fo=0)                   0.000     0.000    Y[1]
    T18                  IBUF (Prop_ibuf_I_O)         1.497     1.497 r  Y_IBUF[1]_inst/O
                         net (fo=12, routed)          2.271     3.768    Y_IBUF[1]
    SLICE_X2Y78          LUT6 (Prop_lut6_I2_O)        0.124     3.892 r  result_OBUF[7]_inst_i_9/O
                         net (fo=4, routed)           0.777     4.670    mult/rc0_1
    SLICE_X1Y78          LUT6 (Prop_lut6_I2_O)        0.124     4.794 r  result_OBUF[4]_inst_i_3/O
                         net (fo=1, routed)           0.659     5.452    mult/r2_1/s1
    SLICE_X0Y78          LUT3 (Prop_lut3_I1_O)        0.152     5.604 r  result_OBUF[4]_inst_i_1/O
                         net (fo=1, routed)           2.025     7.629    result_OBUF[4]
    R18                  OBUF (Prop_obuf_I_O)         3.760    11.389 r  result_OBUF[4]_inst/O
                         net (fo=0)                   0.000    11.389    result[4]
    R18                                                               r  result[4]
  -------------------------------------------------------------------    -------------------

Slack:                    inf
  Source:                 X[0]
                            (input port)
  Destination:            result[7]
                            (output port)
  Path Group:             (none)
  Path Type:              Max at Slow Process Corner
  Data Path Delay:        11.236ns  (logic 5.405ns (48.103%)  route 5.831ns (51.897%))
  Logic Levels:           5  (IBUF=1 LUT2=1 LUT6=2 OBUF=1)

    Location             Delay type                Incr(ns)  Path(ns)    Netlist Resource(s)
  -------------------------------------------------------------------    -------------------
    J15                                               0.000     0.000 r  X[0]
                         net (fo=0)                   0.000     0.000    X[0]
    J15                  IBUF (Prop_ibuf_I_O)         1.478     1.478 r  X_IBUF[0]_inst/O
                         net (fo=10, routed)          2.252     3.730    X_IBUF[0]
    SLICE_X1Y79          LUT2 (Prop_lut2_I0_O)        0.124     3.854 r  result_OBUF[7]_inst_i_11/O
                         net (fo=1, routed)           0.797     4.651    mult/mq3[0]
    SLICE_X1Y78          LUT6 (Prop_lut6_I4_O)        0.124     4.775 r  result_OBUF[7]_inst_i_2/O
                         net (fo=3, routed)           0.674     5.449    mult/rc2_1
    SLICE_X1Y77          LUT6 (Prop_lut6_I0_O)        0.124     5.573 r  result_OBUF[7]_inst_i_1/O
                         net (fo=1, routed)           2.108     7.681    result_OBUF[7]
    U16                  OBUF (Prop_obuf_I_O)         3.555    11.236 r  result_OBUF[7]_inst/O
                         net (fo=0)                   0.000    11.236    result[7]
    U16                                                               r  result[7]
  -------------------------------------------------------------------    -------------------

Slack:                    inf
  Source:                 Y[1]
                            (input port)
  Destination:            result[3]
                            (output port)
  Path Group:             (none)
  Path Type:              Max at Slow Process Corner
  Data Path Delay:        11.214ns  (logic 5.650ns (50.384%)  route 5.564ns (49.616%))
  Logic Levels:           5  (IBUF=1 LUT4=2 LUT6=1 OBUF=1)

    Location             Delay type                Incr(ns)  Path(ns)    Netlist Resource(s)
  -------------------------------------------------------------------    -------------------
    T18                                               0.000     0.000 r  Y[1]
                         net (fo=0)                   0.000     0.000    Y[1]
    T18                  IBUF (Prop_ibuf_I_O)         1.497     1.497 r  Y_IBUF[1]_inst/O
                         net (fo=12, routed)          2.271     3.768    Y_IBUF[1]
    SLICE_X2Y78          LUT6 (Prop_lut6_I2_O)        0.124     3.892 r  result_OBUF[7]_inst_i_9/O
                         net (fo=4, routed)           1.002     4.895    mult/rc0_1
    SLICE_X0Y78          LUT4 (Prop_lut4_I3_O)        0.152     5.047 r  result_OBUF[3]_inst_i_3/O
                         net (fo=1, routed)           0.436     5.483    mult/rs1_0
    SLICE_X0Y78          LUT4 (Prop_lut4_I2_O)        0.326     5.809 r  result_OBUF[3]_inst_i_1/O
                         net (fo=1, routed)           1.854     7.663    result_OBUF[3]
    N14                  OBUF (Prop_obuf_I_O)         3.551    11.214 r  result_OBUF[3]_inst/O
                         net (fo=0)                   0.000    11.214    result[3]
    N14                                                               r  result[3]
  -------------------------------------------------------------------    -------------------

Slack:                    inf
  Source:                 Y[1]
                            (input port)
  Destination:            result[6]
                            (output port)
  Path Group:             (none)
  Path Type:              Max at Slow Process Corner
  Data Path Delay:        11.185ns  (logic 5.424ns (48.496%)  route 5.761ns (51.504%))
  Logic Levels:           5  (IBUF=1 LUT4=1 LUT5=1 LUT6=1 OBUF=1)

    Location             Delay type                Incr(ns)  Path(ns)    Netlist Resource(s)
  -------------------------------------------------------------------    -------------------
    T18                                               0.000     0.000 r  Y[1]
                         net (fo=0)                   0.000     0.000    Y[1]
    T18                  IBUF (Prop_ibuf_I_O)         1.497     1.497 r  Y_IBUF[1]_inst/O
                         net (fo=12, routed)          2.051     3.548    Y_IBUF[1]
    SLICE_X2Y78          LUT6 (Prop_lut6_I2_O)        0.124     3.672 r  result_OBUF[7]_inst_i_7/O
                         net (fo=4, routed)           0.810     4.482    mult/rc0_2
    SLICE_X1Y78          LUT4 (Prop_lut4_I3_O)        0.124     4.606 r  result_OBUF[7]_inst_i_3/O
                         net (fo=2, routed)           0.808     5.414    mult/rc1_2
    SLICE_X1Y77          LUT5 (Prop_lut5_I1_O)        0.124     5.538 r  result_OBUF[6]_inst_i_1/O
                         net (fo=1, routed)           2.092     7.630    result_OBUF[6]
    U17                  OBUF (Prop_obuf_I_O)         3.555    11.185 r  result_OBUF[6]_inst/O
                         net (fo=0)                   0.000    11.185    result[6]
    U17                                                               r  result[6]
  -------------------------------------------------------------------    -------------------

Slack:                    inf
  Source:                 X[1]
                            (input port)
  Destination:            result[2]
                            (output port)
  Path Group:             (none)
  Path Type:              Max at Slow Process Corner
  Data Path Delay:        10.649ns  (logic 5.280ns (49.584%)  route 5.369ns (50.416%))
  Logic Levels:           4  (IBUF=1 LUT5=1 LUT6=1 OBUF=1)

    Location             Delay type                Incr(ns)  Path(ns)    Netlist Resource(s)
  -------------------------------------------------------------------    -------------------
    L16                                               0.000     0.000 r  X[1]
                         net (fo=0)                   0.000     0.000    X[1]
    L16                  IBUF (Prop_ibuf_I_O)         1.480     1.480 r  X_IBUF[1]_inst/O
                         net (fo=10, routed)          1.983     3.463    X_IBUF[1]
    SLICE_X0Y79          LUT5 (Prop_lut5_I2_O)        0.124     3.587 r  result_OBUF[2]_inst_i_2/O
                         net (fo=4, routed)           0.679     4.266    addsub/adder0/c_2
    SLICE_X0Y79          LUT6 (Prop_lut6_I3_O)        0.124     4.390 r  result_OBUF[2]_inst_i_1/O
                         net (fo=1, routed)           2.706     7.096    result_OBUF[2]
    J13                  OBUF (Prop_obuf_I_O)         3.553    10.649 r  result_OBUF[2]_inst/O
                         net (fo=0)                   0.000    10.649    result[2]
    J13                                                               r  result[2]
  -------------------------------------------------------------------    -------------------

Slack:                    inf
  Source:                 X[1]
                            (input port)
  Destination:            overflow
                            (output port)
  Path Group:             (none)
  Path Type:              Max at Slow Process Corner
  Data Path Delay:        10.557ns  (logic 5.297ns (50.171%)  route 5.260ns (49.829%))
  Logic Levels:           4  (IBUF=1 LUT5=1 LUT6=1 OBUF=1)

    Location             Delay type                Incr(ns)  Path(ns)    Netlist Resource(s)
  -------------------------------------------------------------------    -------------------
    L16                                               0.000     0.000 r  X[1]
                         net (fo=0)                   0.000     0.000    X[1]
    L16                  IBUF (Prop_ibuf_I_O)         1.480     1.480 r  X_IBUF[1]_inst/O
                         net (fo=10, routed)          1.983     3.463    X_IBUF[1]
    SLICE_X0Y79          LUT5 (Prop_lut5_I2_O)        0.124     3.587 r  result_OBUF[2]_inst_i_2/O
                         net (fo=4, routed)           0.978     4.565    addsub/adder0/c_2
    SLICE_X0Y77          LUT6 (Prop_lut6_I3_O)        0.124     4.689 r  overflow_OBUF_inst_i_1/O
                         net (fo=1, routed)           2.299     6.988    overflow_OBUF
    V11                  OBUF (Prop_obuf_I_O)         3.569    10.557 r  overflow_OBUF_inst/O
                         net (fo=0)                   0.000    10.557    overflow
    V11                                                               r  overflow
  -------------------------------------------------------------------    -------------------

Slack:                    inf
  Source:                 X[1]
                            (input port)
  Destination:            carry_out
                            (output port)
  Path Group:             (none)
  Path Type:              Max at Slow Process Corner
  Data Path Delay:        10.438ns  (logic 5.298ns (50.754%)  route 5.140ns (49.246%))
  Logic Levels:           4  (IBUF=1 LUT5=1 LUT6=1 OBUF=1)

    Location             Delay type                Incr(ns)  Path(ns)    Netlist Resource(s)
  -------------------------------------------------------------------    -------------------
    L16                                               0.000     0.000 r  X[1]
                         net (fo=0)                   0.000     0.000    X[1]
    L16                  IBUF (Prop_ibuf_I_O)         1.480     1.480 r  X_IBUF[1]_inst/O
                         net (fo=10, routed)          1.983     3.463    X_IBUF[1]
    SLICE_X0Y79          LUT5 (Prop_lut5_I2_O)        0.124     3.587 r  result_OBUF[2]_inst_i_2/O
                         net (fo=4, routed)           0.985     4.572    addsub/adder0/c_2
    SLICE_X0Y77          LUT6 (Prop_lut6_I5_O)        0.124     4.696 r  carry_out_OBUF_inst_i_1/O
                         net (fo=1, routed)           2.172     6.868    carry_out_OBUF
    V12                  OBUF (Prop_obuf_I_O)         3.570    10.438 r  carry_out_OBUF_inst/O
                         net (fo=0)                   0.000    10.438    carry_out
    V12                                                               r  carry_out
  -------------------------------------------------------------------    -------------------

Slack:                    inf
  Source:                 X[0]
                            (input port)
  Destination:            result[0]
                            (output port)
  Path Group:             (none)
  Path Type:              Max at Slow Process Corner
  Data Path Delay:        10.329ns  (logic 5.352ns (51.817%)  route 4.977ns (48.183%))
  Logic Levels:           3  (IBUF=1 LUT3=1 OBUF=1)

    Location             Delay type                Incr(ns)  Path(ns)    Netlist Resource(s)
  -------------------------------------------------------------------    -------------------
    J15                                               0.000     0.000 r  X[0]
                         net (fo=0)                   0.000     0.000    X[0]
    J15                  IBUF (Prop_ibuf_I_O)         1.478     1.478 r  X_IBUF[0]_inst/O
                         net (fo=10, routed)          2.252     3.730    X_IBUF[0]
    SLICE_X1Y79          LUT3 (Prop_lut3_I1_O)        0.152     3.882 r  result_OBUF[0]_inst_i_1/O
                         net (fo=1, routed)           2.724     6.606    result_OBUF[0]
    H17                  OBUF (Prop_obuf_I_O)         3.722    10.329 r  result_OBUF[0]_inst/O
                         net (fo=0)                   0.000    10.329    result[0]
    H17                                                               r  result[0]
  -------------------------------------------------------------------    -------------------

Slack:                    inf
  Source:                 X[0]
                            (input port)
  Destination:            result[1]
                            (output port)
  Path Group:             (none)
  Path Type:              Max at Slow Process Corner
  Data Path Delay:        9.840ns  (logic 5.137ns (52.206%)  route 4.703ns (47.794%))
  Logic Levels:           3  (IBUF=1 LUT6=1 OBUF=1)

    Location             Delay type                Incr(ns)  Path(ns)    Netlist Resource(s)
  -------------------------------------------------------------------    -------------------
    J15                                               0.000     0.000 r  X[0]
                         net (fo=0)                   0.000     0.000    X[0]
    J15                  IBUF (Prop_ibuf_I_O)         1.478     1.478 r  X_IBUF[0]_inst/O
                         net (fo=10, routed)          2.262     3.739    X_IBUF[0]
    SLICE_X0Y79          LUT6 (Prop_lut6_I5_O)        0.124     3.863 r  result_OBUF[1]_inst_i_1/O
                         net (fo=1, routed)           2.441     6.304    result_OBUF[1]
    K15                  OBUF (Prop_obuf_I_O)         3.535     9.840 r  result_OBUF[1]_inst/O
                         net (fo=0)                   0.000     9.840    result[1]
    K15                                                               r  result[1]
  -------------------------------------------------------------------    -------------------





Min Delay Paths
--------------------------------------------------------------------------------------
Slack:                    inf
  Source:                 Y[1]
                            (input port)
  Destination:            result[1]
                            (output port)
  Path Group:             (none)
  Path Type:              Min at Fast Process Corner
  Data Path Delay:        2.651ns  (logic 1.546ns (58.321%)  route 1.105ns (41.679%))
  Logic Levels:           3  (IBUF=1 LUT6=1 OBUF=1)

    Location             Delay type                Incr(ns)  Path(ns)    Netlist Resource(s)
  -------------------------------------------------------------------    -------------------
    T18                                               0.000     0.000 r  Y[1]
                         net (fo=0)                   0.000     0.000    Y[1]
    T18                  IBUF (Prop_ibuf_I_O)         0.265     0.265 r  Y_IBUF[1]_inst/O
                         net (fo=12, routed)          0.447     0.712    Y_IBUF[1]
    SLICE_X0Y79          LUT6 (Prop_lut6_I4_O)        0.045     0.757 r  result_OBUF[1]_inst_i_1/O
                         net (fo=1, routed)           0.658     1.415    result_OBUF[1]
    K15                  OBUF (Prop_obuf_I_O)         1.236     2.651 r  result_OBUF[1]_inst/O
                         net (fo=0)                   0.000     2.651    result[1]
    K15                                                               r  result[1]
  -------------------------------------------------------------------    -------------------

Slack:                    inf
  Source:                 Y[2]
                            (input port)
  Destination:            carry_out
                            (output port)
  Path Group:             (none)
  Path Type:              Min at Fast Process Corner
  Data Path Delay:        2.741ns  (logic 1.578ns (57.564%)  route 1.163ns (42.436%))
  Logic Levels:           3  (IBUF=1 LUT6=1 OBUF=1)

    Location             Delay type                Incr(ns)  Path(ns)    Netlist Resource(s)
  -------------------------------------------------------------------    -------------------
    U18                                               0.000     0.000 r  Y[2]
                         net (fo=0)                   0.000     0.000    Y[2]
    U18                  IBUF (Prop_ibuf_I_O)         0.262     0.262 r  Y_IBUF[2]_inst/O
                         net (fo=14, routed)          0.595     0.857    Y_IBUF[2]
    SLICE_X0Y77          LUT6 (Prop_lut6_I3_O)        0.045     0.902 r  carry_out_OBUF_inst_i_1/O
                         net (fo=1, routed)           0.568     1.470    carry_out_OBUF
    V12                  OBUF (Prop_obuf_I_O)         1.271     2.741 r  carry_out_OBUF_inst/O
                         net (fo=0)                   0.000     2.741    carry_out
    V12                                                               r  carry_out
  -------------------------------------------------------------------    -------------------

Slack:                    inf
  Source:                 X[2]
                            (input port)
  Destination:            overflow
                            (output port)
  Path Group:             (none)
  Path Type:              Min at Fast Process Corner
  Data Path Delay:        2.755ns  (logic 1.567ns (56.897%)  route 1.187ns (43.103%))
  Logic Levels:           3  (IBUF=1 LUT6=1 OBUF=1)

    Location             Delay type                Incr(ns)  Path(ns)    Netlist Resource(s)
  -------------------------------------------------------------------    -------------------
    M13                                               0.000     0.000 r  X[2]
                         net (fo=0)                   0.000     0.000    X[2]
    M13                  IBUF (Prop_ibuf_I_O)         0.253     0.253 r  X_IBUF[2]_inst/O
                         net (fo=14, routed)          0.563     0.816    X_IBUF[2]
    SLICE_X0Y77          LUT6 (Prop_lut6_I2_O)        0.045     0.861 r  overflow_OBUF_inst_i_1/O
                         net (fo=1, routed)           0.624     1.485    overflow_OBUF
    V11                  OBUF (Prop_obuf_I_O)         1.269     2.755 r  overflow_OBUF_inst/O
                         net (fo=0)                   0.000     2.755    overflow
    V11                                                               r  overflow
  -------------------------------------------------------------------    -------------------

Slack:                    inf
  Source:                 X[2]
                            (input port)
  Destination:            result[3]
                            (output port)
  Path Group:             (none)
  Path Type:              Min at Fast Process Corner
  Data Path Delay:        2.759ns  (logic 1.594ns (57.774%)  route 1.165ns (42.226%))
  Logic Levels:           4  (IBUF=1 LUT4=1 LUT6=1 OBUF=1)

    Location             Delay type                Incr(ns)  Path(ns)    Netlist Resource(s)
  -------------------------------------------------------------------    -------------------
    M13                                               0.000     0.000 r  X[2]
                         net (fo=0)                   0.000     0.000    X[2]
    M13                  IBUF (Prop_ibuf_I_O)         0.253     0.253 r  X_IBUF[2]_inst/O
                         net (fo=14, routed)          0.535     0.788    X_IBUF[2]
    SLICE_X0Y78          LUT6 (Prop_lut6_I3_O)        0.045     0.833 r  result_OBUF[3]_inst_i_2/O
                         net (fo=1, routed)           0.219     1.052    as[3]
    SLICE_X0Y78          LUT4 (Prop_lut4_I0_O)        0.045     1.097 r  result_OBUF[3]_inst_i_1/O
                         net (fo=1, routed)           0.411     1.508    result_OBUF[3]
    N14                  OBUF (Prop_obuf_I_O)         1.251     2.759 r  result_OBUF[3]_inst/O
                         net (fo=0)                   0.000     2.759    result[3]
    N14                                                               r  result[3]
  -------------------------------------------------------------------    -------------------

Slack:                    inf
  Source:                 Y[1]
                            (input port)
  Destination:            result[7]
                            (output port)
  Path Group:             (none)
  Path Type:              Min at Fast Process Corner
  Data Path Delay:        2.778ns  (logic 1.611ns (57.983%)  route 1.167ns (42.017%))
  Logic Levels:           4  (IBUF=1 LUT5=1 LUT6=1 OBUF=1)

    Location             Delay type                Incr(ns)  Path(ns)    Netlist Resource(s)
  -------------------------------------------------------------------    -------------------
    T18                                               0.000     0.000 r  Y[1]
                         net (fo=0)                   0.000     0.000    Y[1]
    T18                  IBUF (Prop_ibuf_I_O)         0.265     0.265 r  Y_IBUF[1]_inst/O
                         net (fo=12, routed)          0.568     0.833    Y_IBUF[1]
    SLICE_X1Y77          LUT5 (Prop_lut5_I2_O)        0.045     0.878 r  result_OBUF[7]_inst_i_4/O
                         net (fo=3, routed)           0.072     0.950    mult/rs1_2
    SLICE_X1Y77          LUT6 (Prop_lut6_I2_O)        0.045     0.995 r  result_OBUF[7]_inst_i_1/O
                         net (fo=1, routed)           0.528     1.522    result_OBUF[7]
    U16                  OBUF (Prop_obuf_I_O)         1.256     2.778 r  result_OBUF[7]_inst/O
                         net (fo=0)                   0.000     2.778    result[7]
    U16                                                               r  result[7]
  -------------------------------------------------------------------    -------------------

Slack:                    inf
  Source:                 Y[1]
                            (input port)
  Destination:            result[6]
                            (output port)
  Path Group:             (none)
  Path Type:              Min at Fast Process Corner
  Data Path Delay:        2.783ns  (logic 1.611ns (57.868%)  route 1.173ns (42.132%))
  Logic Levels:           4  (IBUF=1 LUT5=2 OBUF=1)

    Location             Delay type                Incr(ns)  Path(ns)    Netlist Resource(s)
  -------------------------------------------------------------------    -------------------
    T18                                               0.000     0.000 r  Y[1]
                         net (fo=0)                   0.000     0.000    Y[1]
    T18                  IBUF (Prop_ibuf_I_O)         0.265     0.265 r  Y_IBUF[1]_inst/O
                         net (fo=12, routed)          0.568     0.833    Y_IBUF[1]
    SLICE_X1Y77          LUT5 (Prop_lut5_I2_O)        0.045     0.878 r  result_OBUF[7]_inst_i_4/O
                         net (fo=3, routed)           0.075     0.953    mult/rs1_2
    SLICE_X1Y77          LUT5 (Prop_lut5_I0_O)        0.045     0.998 r  result_OBUF[6]_inst_i_1/O
                         net (fo=1, routed)           0.530     1.528    result_OBUF[6]
    U17                  OBUF (Prop_obuf_I_O)         1.256     2.783 r  result_OBUF[6]_inst/O
                         net (fo=0)                   0.000     2.783    result[6]
    U17                                                               r  result[6]
  -------------------------------------------------------------------    -------------------

Slack:                    inf
  Source:                 Y[3]
                            (input port)
  Destination:            result[4]
                            (output port)
  Path Group:             (none)
  Path Type:              Min at Fast Process Corner
  Data Path Delay:        2.823ns  (logic 1.689ns (59.832%)  route 1.134ns (40.168%))
  Logic Levels:           4  (IBUF=1 LUT3=1 LUT5=1 OBUF=1)

    Location             Delay type                Incr(ns)  Path(ns)    Netlist Resource(s)
  -------------------------------------------------------------------    -------------------
    R13                                               0.000     0.000 r  Y[3]
                         net (fo=0)                   0.000     0.000    Y[3]
    R13                  IBUF (Prop_ibuf_I_O)         0.275     0.275 r  Y_IBUF[3]_inst/O
                         net (fo=14, routed)          0.566     0.841    Y_IBUF[3]
    SLICE_X0Y78          LUT5 (Prop_lut5_I2_O)        0.045     0.886 r  result_OBUF[4]_inst_i_2/O
                         net (fo=1, routed)           0.097     0.983    mult/r2_0/c1
    SLICE_X0Y78          LUT3 (Prop_lut3_I0_O)        0.049     1.032 r  result_OBUF[4]_inst_i_1/O
                         net (fo=1, routed)           0.471     1.503    result_OBUF[4]
    R18                  OBUF (Prop_obuf_I_O)         1.319     2.823 r  result_OBUF[4]_inst/O
                         net (fo=0)                   0.000     2.823    result[4]
    R18                                                               r  result[4]
  -------------------------------------------------------------------    -------------------

Slack:                    inf
  Source:                 Y[0]
                            (input port)
  Destination:            result[0]
                            (output port)
  Path Group:             (none)
  Path Type:              Min at Fast Process Corner
  Data Path Delay:        2.882ns  (logic 1.592ns (55.228%)  route 1.290ns (44.772%))
  Logic Levels:           3  (IBUF=1 LUT3=1 OBUF=1)

    Location             Delay type                Incr(ns)  Path(ns)    Netlist Resource(s)
  -------------------------------------------------------------------    -------------------
    R17                                               0.000     0.000 r  Y[0]
                         net (fo=0)                   0.000     0.000    Y[0]
    R17                  IBUF (Prop_ibuf_I_O)         0.260     0.260 r  Y_IBUF[0]_inst/O
                         net (fo=8, routed)           0.502     0.762    Y_IBUF[0]
    SLICE_X1Y79          LUT3 (Prop_lut3_I2_O)        0.048     0.810 r  result_OBUF[0]_inst_i_1/O
                         net (fo=1, routed)           0.788     1.599    result_OBUF[0]
    H17                  OBUF (Prop_obuf_I_O)         1.283     2.882 r  result_OBUF[0]_inst/O
                         net (fo=0)                   0.000     2.882    result[0]
    H17                                                               r  result[0]
  -------------------------------------------------------------------    -------------------

Slack:                    inf
  Source:                 op_sel[1]
                            (input port)
  Destination:            result[5]
                            (output port)
  Path Group:             (none)
  Path Type:              Min at Fast Process Corner
  Data Path Delay:        2.915ns  (logic 1.589ns (54.518%)  route 1.326ns (45.482%))
  Logic Levels:           3  (IBUF=1 LUT3=1 OBUF=1)

    Location             Delay type                Incr(ns)  Path(ns)    Netlist Resource(s)
  -------------------------------------------------------------------    -------------------
    V10                                               0.000     0.000 r  op_sel[1]
                         net (fo=0)                   0.000     0.000    op_sel[1]
    V10                  IBUF (Prop_ibuf_I_O)         0.292     0.292 r  op_sel_IBUF[1]_inst/O
                         net (fo=8, routed)           0.768     1.059    op_sel_IBUF[1]
    SLICE_X0Y78          LUT3 (Prop_lut3_I2_O)        0.045     1.104 r  result_OBUF[5]_inst_i_1/O
                         net (fo=1, routed)           0.558     1.662    result_OBUF[5]
    V17                  OBUF (Prop_obuf_I_O)         1.252     2.915 r  result_OBUF[5]_inst/O
                         net (fo=0)                   0.000     2.915    result[5]
    V17                                                               r  result[5]
  -------------------------------------------------------------------    -------------------

Slack:                    inf
  Source:                 X[2]
                            (input port)
  Destination:            result[2]
                            (output port)
  Path Group:             (none)
  Path Type:              Min at Fast Process Corner
  Data Path Delay:        2.954ns  (logic 1.596ns (54.034%)  route 1.358ns (45.966%))
  Logic Levels:           4  (IBUF=1 LUT6=2 OBUF=1)

    Location             Delay type                Incr(ns)  Path(ns)    Netlist Resource(s)
  -------------------------------------------------------------------    -------------------
    M13                                               0.000     0.000 r  X[2]
                         net (fo=0)                   0.000     0.000    X[2]
    M13                  IBUF (Prop_ibuf_I_O)         0.253     0.253 r  X_IBUF[2]_inst/O
                         net (fo=14, routed)          0.519     0.772    X_IBUF[2]
    SLICE_X0Y79          LUT6 (Prop_lut6_I1_O)        0.045     0.817 r  result_OBUF[2]_inst_i_3/O
                         net (fo=1, routed)           0.058     0.874    prod[2]
    SLICE_X0Y79          LUT6 (Prop_lut6_I5_O)        0.045     0.919 r  result_OBUF[2]_inst_i_1/O
                         net (fo=1, routed)           0.781     1.701    result_OBUF[2]
    J13                  OBUF (Prop_obuf_I_O)         1.253     2.954 r  result_OBUF[2]_inst/O
                         net (fo=0)                   0.000     2.954    result[2]
    J13                                                               r  result[2]
  -------------------------------------------------------------------    -------------------





