Copyright 1986-2022 Xilinx, Inc. All Rights Reserved. Copyright 2022-2026 Advanced Micro Devices, Inc. All Rights Reserved.
---------------------------------------------------------------------------------------------------------------------------------------------------------------------------------------------------------------------------------------
| Tool Version : Vivado v.2026.1 (lin64) Build 6511674 Tue Jun 16 11:01:26 MDT 2026
| Date         : Thu Sep  3 13:40:05 2026
| Host         : PatsLaptop running 64-bit Ubuntu 24.04.4 LTS
| Command      : report_timing_summary -max_paths 10 -routable_nets -report_unconstrained -file Mux3b4to1_timing_summary_routed.rpt -pb Mux3b4to1_timing_summary_routed.pb -rpx Mux3b4to1_timing_summary_routed.rpx -warn_on_violation
| Design       : Mux3b4to1
| Device       : 7a100t-csg324
| Speed File   : -1  PRODUCTION 1.23 2018-06-13
| Design State : Routed
---------------------------------------------------------------------------------------------------------------------------------------------------------------------------------------------------------------------------------------

Timing Summary Report

------------------------------------------------------------------------------------------------
| Timer Settings
| --------------
------------------------------------------------------------------------------------------------

  Enable Multi Corner Analysis               :  Yes
  Enable Pessimism Removal                   :  Yes
  Pessimism Removal Resolution               :  Nearest Common Node
  Enable Input Delay Default Clock           :  No
  Enable Preset / Clear Arcs                 :  No
  Disable Flight Delays                      :  No
  Ignore I/O Paths                           :  No
  Timing Early Launch at Borrowing Latches   :  No
  Borrow Time for Max Delay Exceptions       :  Yes
  Merge Timing Exceptions                    :  Yes
  Inter-SLR Compensation                     :  Conservative

  Corner  Analyze    Analyze    
  Name    Max Paths  Min Paths  
  ------  ---------  ---------  
  Slow    Yes        Yes        
  Fast    Yes        Yes        


------------------------------------------------------------------------------------------------
| Report Methodology
| ------------------
------------------------------------------------------------------------------------------------

No report available as report_methodology has not been run prior. Run report_methodology on the current design for the summary of methodology violations.



check_timing report

Table of Contents
-----------------
1. checking no_clock (0)
2. checking constant_clock (0)
3. checking pulse_width_clock (0)
4. checking unconstrained_internal_endpoints (0)
5. checking no_input_delay (0)
6. checking no_output_delay (0)
7. checking multiple_clock (0)
8. checking generated_clocks (0)
9. checking loops (0)
10. checking partial_input_delay (0)
11. checking partial_output_delay (0)
12. checking latch_loops (0)

1. checking no_clock (0)
------------------------
 There are 0 register/latch pins with no clock.


2. checking constant_clock (0)
------------------------------
 There are 0 register/latch pins with constant_clock.


3. checking pulse_width_clock (0)
---------------------------------
 There are 0 register/latch pins which need pulse_width check


4. checking unconstrained_internal_endpoints (0)
------------------------------------------------
 There are 0 pins that are not constrained for maximum delay.

 There are 0 pins that are not constrained for maximum delay due to constant clock.


5. checking no_input_delay (0)
------------------------------
 There are 0 input ports with no input delay specified.

 There are 0 input ports with no input delay but user has a false path constraint.


6. checking no_output_delay (0)
-------------------------------
 There are 0 ports with no output delay specified.

 There are 0 ports with no output delay but user has a false path constraint

 There are 0 ports with no output delay but with a timing clock defined on it or propagating through it


7. checking multiple_clock (0)
------------------------------
 There are 0 register/latch pins with multiple clocks.


8. checking generated_clocks (0)
--------------------------------
 There are 0 generated clocks that are not connected to a clock source.


9. checking loops (0)
---------------------
 There are 0 combinational loops in the design.


10. checking partial_input_delay (0)
------------------------------------
 There are 0 input ports with partial input delay specified.


11. checking partial_output_delay (0)
-------------------------------------
 There are 0 ports with partial output delay specified.


12. checking latch_loops (0)
----------------------------
 There are 0 combinational latch loops in the design through latch input



------------------------------------------------------------------------------------------------
| Design Timing Summary
| ---------------------
------------------------------------------------------------------------------------------------

    WNS(ns)      TNS(ns)  TNS Failing Endpoints  TNS Total Endpoints      WHS(ns)      THS(ns)  THS Failing Endpoints  THS Total Endpoints     WPWS(ns)     TPWS(ns)  TPWS Failing Endpoints  TPWS Total Endpoints  
    -------      -------  ---------------------  -------------------      -------      -------  ---------------------  -------------------     --------     --------  ----------------------  --------------------  
        inf        0.000                      0                    5          inf        0.000                      0                    5           NA           NA                      NA                    NA  


There are no user specified timing constraints.


------------------------------------------------------------------------------------------------
| Clock Summary
| -------------
------------------------------------------------------------------------------------------------


------------------------------------------------------------------------------------------------
| Intra Clock Table
| -----------------
------------------------------------------------------------------------------------------------

Clock             WNS(ns)      TNS(ns)  TNS Failing Endpoints  TNS Total Endpoints      WHS(ns)      THS(ns)  THS Failing Endpoints  THS Total Endpoints     WPWS(ns)     TPWS(ns)  TPWS Failing Endpoints  TPWS Total Endpoints  
-----             -------      -------  ---------------------  -------------------      -------      -------  ---------------------  -------------------     --------     --------  ----------------------  --------------------  


------------------------------------------------------------------------------------------------
| Inter Clock Table
| -----------------
------------------------------------------------------------------------------------------------

From Clock    To Clock          WNS(ns)      TNS(ns)  TNS Failing Endpoints  TNS Total Endpoints      WHS(ns)      THS(ns)  THS Failing Endpoints  THS Total Endpoints  
----------    --------          -------      -------  ---------------------  -------------------      -------      -------  ---------------------  -------------------  


------------------------------------------------------------------------------------------------
| Other Path Groups Table
| -----------------------
------------------------------------------------------------------------------------------------

Path Group    From Clock    To Clock          WNS(ns)      TNS(ns)  TNS Failing Endpoints  TNS Total Endpoints      WHS(ns)      THS(ns)  THS Failing Endpoints  THS Total Endpoints  
----------    ----------    --------          -------      -------  ---------------------  -------------------      -------      -------  ---------------------  -------------------  


------------------------------------------------------------------------------------------------
| User Ignored Path Table
| -----------------------
------------------------------------------------------------------------------------------------

Path Group    From Clock    To Clock    
----------    ----------    --------    


------------------------------------------------------------------------------------------------
| Unconstrained Path Table
| ------------------------
------------------------------------------------------------------------------------------------

Path Group    From Clock    To Clock    
----------    ----------    --------    
(none)                                    


------------------------------------------------------------------------------------------------
| Timing Details
| --------------
------------------------------------------------------------------------------------------------


--------------------------------------------------------------------------------------
Path Group:  (none)
From Clock:  
  To Clock:  

Max Delay             5 Endpoints
Min Delay             5 Endpoints
--------------------------------------------------------------------------------------


Max Delay Paths
--------------------------------------------------------------------------------------
Slack:                    inf
  Source:                 z[2]
                            (input port)
  Destination:            M[2]
                            (output port)
  Path Group:             (none)
  Path Type:              Max at Slow Process Corner
  Data Path Delay:        12.558ns  (logic 4.659ns (37.097%)  route 7.899ns (62.903%))
  Logic Levels:           3  (IBUF=1 LUT6=1 OBUF=1)

    Location             Delay type                Incr(ns)  Path(ns)    Netlist Resource(s)
  -------------------------------------------------------------------    -------------------
    T8                                                0.000     0.000 r  z[2]
                         net (fo=0)                   0.000     0.000    z[2]
    T8                   IBUF (Prop_ibuf_I_O)         0.982     0.982 r  z_IBUF[2]_inst/O
                         net (fo=1, routed)           4.859     5.841    M2/m2/z_IBUF[0]
    SLICE_X0Y75          LUT6 (Prop_lut6_I3_O)        0.124     5.965 r  M2/m2/m/O
                         net (fo=1, routed)           3.041     9.006    M_OBUF[2]
    J13                  OBUF (Prop_obuf_I_O)         3.553    12.558 r  M_OBUF[2]_inst/O
                         net (fo=0)                   0.000    12.558    M[2]
    J13                                                               r  M[2]
  -------------------------------------------------------------------    -------------------

Slack:                    inf
  Source:                 w[0]
                            (input port)
  Destination:            M[0]
                            (output port)
  Path Group:             (none)
  Path Type:              Max at Slow Process Corner
  Data Path Delay:        11.640ns  (logic 4.611ns (39.616%)  route 7.029ns (60.384%))
  Logic Levels:           3  (IBUF=1 LUT6=1 OBUF=1)

    Location             Delay type                Incr(ns)  Path(ns)    Netlist Resource(s)
  -------------------------------------------------------------------    -------------------
    U8                                                0.000     0.000 r  w[0]
                         net (fo=0)                   0.000     0.000    w[0]
    U8                   IBUF (Prop_ibuf_I_O)         0.967     0.967 r  w_IBUF[0]_inst/O
                         net (fo=1, routed)           4.198     5.165    M2/m0/w_IBUF[0]
    SLICE_X0Y73          LUT6 (Prop_lut6_I5_O)        0.124     5.289 r  M2/m0/m/O
                         net (fo=1, routed)           2.831     8.120    M_OBUF[0]
    H17                  OBUF (Prop_obuf_I_O)         3.520    11.640 r  M_OBUF[0]_inst/O
                         net (fo=0)                   0.000    11.640    M[0]
    H17                                                               r  M[0]
  -------------------------------------------------------------------    -------------------

Slack:                    inf
  Source:                 z[1]
                            (input port)
  Destination:            M[1]
                            (output port)
  Path Group:             (none)
  Path Type:              Max at Slow Process Corner
  Data Path Delay:        9.354ns  (logic 5.167ns (55.242%)  route 4.186ns (44.758%))
  Logic Levels:           3  (IBUF=1 LUT6=1 OBUF=1)

    Location             Delay type                Incr(ns)  Path(ns)    Netlist Resource(s)
  -------------------------------------------------------------------    -------------------
    R13                                               0.000     0.000 r  z[1]
                         net (fo=0)                   0.000     0.000    z[1]
    R13                  IBUF (Prop_ibuf_I_O)         1.508     1.508 r  z_IBUF[1]_inst/O
                         net (fo=1, routed)           1.774     3.282    M2/m1/z_IBUF[0]
    SLICE_X0Y75          LUT6 (Prop_lut6_I3_O)        0.124     3.406 r  M2/m1/m/O
                         net (fo=1, routed)           2.412     5.818    M_OBUF[1]
    K15                  OBUF (Prop_obuf_I_O)         3.535     9.354 r  M_OBUF[1]_inst/O
                         net (fo=0)                   0.000     9.354    M[1]
    K15                                                               r  M[1]
  -------------------------------------------------------------------    -------------------

Slack:                    inf
  Source:                 s[1]
                            (input port)
  Destination:            si[1]
                            (output port)
  Path Group:             (none)
  Path Type:              Max at Slow Process Corner
  Data Path Delay:        7.037ns  (logic 5.093ns (72.374%)  route 1.944ns (27.626%))
  Logic Levels:           2  (IBUF=1 OBUF=1)

    Location             Delay type                Incr(ns)  Path(ns)    Netlist Resource(s)
  -------------------------------------------------------------------    -------------------
    V10                                               0.000     0.000 r  s[1]
                         net (fo=0)                   0.000     0.000    s[1]
    V10                  IBUF (Prop_ibuf_I_O)         1.524     1.524 r  s_IBUF[1]_inst/O
                         net (fo=4, routed)           1.944     3.468    si_OBUF[1]
    V11                  OBUF (Prop_obuf_I_O)         3.569     7.037 r  si_OBUF[1]_inst/O
                         net (fo=0)                   0.000     7.037    si[1]
    V11                                                               r  si[1]
  -------------------------------------------------------------------    -------------------

Slack:                    inf
  Source:                 s[0]
                            (input port)
  Destination:            si[0]
                            (output port)
  Path Group:             (none)
  Path Type:              Max at Slow Process Corner
  Data Path Delay:        7.027ns  (logic 5.080ns (72.298%)  route 1.947ns (27.702%))
  Logic Levels:           2  (IBUF=1 OBUF=1)

    Location             Delay type                Incr(ns)  Path(ns)    Netlist Resource(s)
  -------------------------------------------------------------------    -------------------
    U11                                               0.000     0.000 r  s[0]
                         net (fo=0)                   0.000     0.000    s[0]
    U11                  IBUF (Prop_ibuf_I_O)         1.510     1.510 r  s_IBUF[0]_inst/O
                         net (fo=4, routed)           1.947     3.456    si_OBUF[0]
    V12                  OBUF (Prop_obuf_I_O)         3.570     7.027 r  si_OBUF[0]_inst/O
                         net (fo=0)                   0.000     7.027    si[0]
    V12                                                               r  si[0]
  -------------------------------------------------------------------    -------------------





Min Delay Paths
--------------------------------------------------------------------------------------
Slack:                    inf
  Source:                 s[0]
                            (input port)
  Destination:            si[0]
                            (output port)
  Path Group:             (none)
  Path Type:              Min at Fast Process Corner
  Data Path Delay:        1.929ns  (logic 1.548ns (80.271%)  route 0.381ns (19.729%))
  Logic Levels:           2  (IBUF=1 OBUF=1)

    Location             Delay type                Incr(ns)  Path(ns)    Netlist Resource(s)
  -------------------------------------------------------------------    -------------------
    U11                                               0.000     0.000 r  s[0]
                         net (fo=0)                   0.000     0.000    s[0]
    U11                  IBUF (Prop_ibuf_I_O)         0.277     0.277 r  s_IBUF[0]_inst/O
                         net (fo=4, routed)           0.381     0.658    si_OBUF[0]
    V12                  OBUF (Prop_obuf_I_O)         1.271     1.929 r  si_OBUF[0]_inst/O
                         net (fo=0)                   0.000     1.929    si[0]
    V12                                                               r  si[0]
  -------------------------------------------------------------------    -------------------

Slack:                    inf
  Source:                 s[1]
                            (input port)
  Destination:            si[1]
                            (output port)
  Path Group:             (none)
  Path Type:              Min at Fast Process Corner
  Data Path Delay:        1.936ns  (logic 1.561ns (80.625%)  route 0.375ns (19.375%))
  Logic Levels:           2  (IBUF=1 OBUF=1)

    Location             Delay type                Incr(ns)  Path(ns)    Netlist Resource(s)
  -------------------------------------------------------------------    -------------------
    V10                                               0.000     0.000 r  s[1]
                         net (fo=0)                   0.000     0.000    s[1]
    V10                  IBUF (Prop_ibuf_I_O)         0.292     0.292 r  s_IBUF[1]_inst/O
                         net (fo=4, routed)           0.375     0.667    si_OBUF[1]
    V11                  OBUF (Prop_obuf_I_O)         1.269     1.936 r  si_OBUF[1]_inst/O
                         net (fo=0)                   0.000     1.936    si[1]
    V11                                                               r  si[1]
  -------------------------------------------------------------------    -------------------

Slack:                    inf
  Source:                 w[1]
                            (input port)
  Destination:            M[1]
                            (output port)
  Path Group:             (none)
  Path Type:              Min at Fast Process Corner
  Data Path Delay:        2.653ns  (logic 1.531ns (57.704%)  route 1.122ns (42.296%))
  Logic Levels:           3  (IBUF=1 LUT6=1 OBUF=1)

    Location             Delay type                Incr(ns)  Path(ns)    Netlist Resource(s)
  -------------------------------------------------------------------    -------------------
    R16                                               0.000     0.000 r  w[1]
                         net (fo=0)                   0.000     0.000    w[1]
    R16                  IBUF (Prop_ibuf_I_O)         0.250     0.250 r  w_IBUF[1]_inst/O
                         net (fo=1, routed)           0.491     0.741    M2/m1/w_IBUF[0]
    SLICE_X0Y75          LUT6 (Prop_lut6_I5_O)        0.045     0.786 r  M2/m1/m/O
                         net (fo=1, routed)           0.631     1.417    M_OBUF[1]
    K15                  OBUF (Prop_obuf_I_O)         1.236     2.653 r  M_OBUF[1]_inst/O
                         net (fo=0)                   0.000     2.653    M[1]
    K15                                                               r  M[1]
  -------------------------------------------------------------------    -------------------

Slack:                    inf
  Source:                 y[0]
                            (input port)
  Destination:            M[0]
                            (output port)
  Path Group:             (none)
  Path Type:              Min at Fast Process Corner
  Data Path Delay:        2.841ns  (logic 1.511ns (53.203%)  route 1.329ns (46.797%))
  Logic Levels:           3  (IBUF=1 LUT6=1 OBUF=1)

    Location             Delay type                Incr(ns)  Path(ns)    Netlist Resource(s)
  -------------------------------------------------------------------    -------------------
    R15                                               0.000     0.000 r  y[0]
                         net (fo=0)                   0.000     0.000    y[0]
    R15                  IBUF (Prop_ibuf_I_O)         0.245     0.245 r  y_IBUF[0]_inst/O
                         net (fo=1, routed)           0.507     0.752    M2/m0/y_IBUF[0]
    SLICE_X0Y73          LUT6 (Prop_lut6_I1_O)        0.045     0.797 r  M2/m0/m/O
                         net (fo=1, routed)           0.822     1.619    M_OBUF[0]
    H17                  OBUF (Prop_obuf_I_O)         1.221     2.841 r  M_OBUF[0]_inst/O
                         net (fo=0)                   0.000     2.841    M[0]
    H17                                                               r  M[0]
  -------------------------------------------------------------------    -------------------

Slack:                    inf
  Source:                 y[2]
                            (input port)
  Destination:            M[2]
                            (output port)
  Path Group:             (none)
  Path Type:              Min at Fast Process Corner
  Data Path Delay:        2.948ns  (logic 1.563ns (53.026%)  route 1.385ns (46.974%))
  Logic Levels:           3  (IBUF=1 LUT6=1 OBUF=1)

    Location             Delay type                Incr(ns)  Path(ns)    Netlist Resource(s)
  -------------------------------------------------------------------    -------------------
    T18                                               0.000     0.000 r  y[2]
                         net (fo=0)                   0.000     0.000    y[2]
    T18                  IBUF (Prop_ibuf_I_O)         0.265     0.265 r  y_IBUF[2]_inst/O
                         net (fo=1, routed)           0.471     0.736    M2/m2/y_IBUF[0]
    SLICE_X0Y75          LUT6 (Prop_lut6_I1_O)        0.045     0.781 r  M2/m2/m/O
                         net (fo=1, routed)           0.914     1.695    M_OBUF[2]
    J13                  OBUF (Prop_obuf_I_O)         1.253     2.948 r  M_OBUF[2]_inst/O
                         net (fo=0)                   0.000     2.948    M[2]
    J13                                                               r  M[2]
  -------------------------------------------------------------------    -------------------





